// Jest Snapshot v1, https://goo.gl/fbAQLP

exports[`Route Component should render the route component correctly 1`] = `ShallowWrapper {}`;
