// Jest Snapshot v1, https://goo.gl/fbAQLP

exports[`CandidatesPage component should renders without crashing 1`] = `ShallowWrapper {}`;
