// Jest Snapshot v1, https://goo.gl/fbAQLP

exports[`AddParties component should renders without crashing 1`] = `ShallowWrapper {}`;
